zn =   28.00000, ze =   28.00000
itr = 0
  l = 0
    n = 1, e =    -392.14988495 (   -784.29976990)
    n = 2, e =     -98.05581467 (   -196.11162935)
    n = 3, e =     -43.59394854 (    -87.18789709)
    n = 4, e =     -24.53230489 (    -49.06460977)
  l = 1
    n = 2, e =     -98.01846065 (   -196.03692131)
    n = 3, e =     -43.57740004 (    -87.15480008)
  l = 2
    n = 3, e =     -43.56209390 (    -87.12418780)
  cnv =   1.000000, mix =   0.100000
  integrated charge =   2.800000 out of  28.000000
itr = 1
  l = 0
    n = 1, e =    -386.74337738 (   -773.48675476)
    n = 2, e =     -92.40264014 (   -184.80528028)
    n = 3, e =     -39.61677653 (    -79.23355307)
    n = 4, e =     -21.64946166 (    -43.29892331)
  l = 1
    n = 2, e =     -91.94191213 (   -183.88382425)
    n = 3, e =     -39.38651712 (    -78.77303425)
  l = 2
    n = 3, e =     -38.95603311 (    -77.91206622)
  cnv =   0.900000, mix =   0.108696
  integrated charge =   5.539130 out of  28.000000
itr = 2
  l = 0
    n = 1, e =    -375.33311267 (   -750.66622534)
    n = 2, e =     -84.25084412 (   -168.50168824)
    n = 3, e =     -34.45253922 (    -68.90507845)
    n = 4, e =     -18.34864752 (    -36.69729504)
  l = 1
    n = 2, e =     -83.17433419 (   -166.34866839)
    n = 3, e =     -33.93292489 (    -67.86584978)
  l = 2
    n = 3, e =     -32.97525609 (    -65.95051218)
  cnv =   0.802174, mix =   0.118802
  integrated charge =   8.207519 out of  28.000000
itr = 3
  l = 0
    n = 1, e =    -363.94699368 (   -727.89398736)
    n = 2, e =     -76.30849180 (   -152.61698361)
    n = 3, e =     -29.51215092 (    -59.02430183)
    n = 4, e =     -15.26885949 (    -30.53771898)
  l = 1
    n = 2, e =     -74.64513907 (   -149.29027814)
    n = 3, e =     -28.73629786 (    -57.47259571)
  l = 2
    n = 3, e =     -27.30277464 (    -54.60554927)
  cnv =   0.706874, mix =   0.130634
  integrated charge =  10.793083 out of  28.000000
itr = 4
  l = 0
    n = 1, e =    -353.06159870 (   -706.12319739)
    n = 2, e =     -68.81206234 (   -137.62412468)
    n = 3, e =     -24.91108647 (    -49.82217294)
    n = 4, e =     -12.46095050 (    -24.92190099)
  l = 1
    n = 2, e =     -66.61006160 (   -133.22012321)
    n = 3, e =     -23.92219915 (    -47.84439831)
  l = 2
    n = 3, e =     -22.08440951 (    -44.16881902)
  cnv =   0.614533, mix =   0.144587
  integrated charge =  13.280976 out of  28.000000
itr = 5
  l = 0
    n = 1, e =    -342.92512404 (   -685.85024808)
    n = 2, e =     -61.89700648 (   -123.79401297)
    n = 3, e =     -20.70904255 (    -41.41808511)
    n = 4, e =      -9.94911083 (    -19.89822167)
  l = 1
    n = 2, e =     -59.21399498 (   -118.42798996)
    n = 3, e =     -19.55410748 (    -39.10821497)
  l = 2
    n = 3, e =     -17.39576083 (    -34.79152167)
  cnv =   0.525679, mix =   0.161149
  integrated charge =  15.652932 out of  28.000000
itr = 6
  l = 0
    n = 1, e =    -333.72693343 (   -667.45386686)
    n = 2, e =     -55.67544688 (   -111.35089375)
    n = 3, e =     -16.94912284 (    -33.89824567)
    n = 4, e =      -7.74775545 (    -15.49551090)
  l = 1
    n = 2, e =     -52.57496846 (   -105.14993691)
    n = 3, e =     -15.67560211 (    -31.35120422)
  l = 2
    n = 3, e =     -13.28834537 (    -26.57669074)
  cnv =   0.440967, mix =   0.180906
  integrated charge =  17.886591 out of  28.000000
itr = 7
  l = 0
    n = 1, e =    -325.63411556 (   -651.26823113)
    n = 2, e =     -50.25280487 (   -100.50560973)
    n = 3, e =     -13.66670503 (    -27.33341006)
    n = 4, e =      -5.86469023 (    -11.72938046)
  l = 1
    n = 2, e =     -46.80191321 (    -93.60382642)
    n = 3, e =     -12.31932528 (    -24.63865056)
  l = 2
    n = 3, e =      -9.79753627 (    -19.59507254)
  cnv =   0.361193, mix =   0.204518
  integrated charge =  19.954965 out of  28.000000
itr = 8
  l = 0
    n = 1, e =    -318.79484193 (   -637.58968386)
    n = 2, e =     -45.72751748 (    -91.45503495)
    n = 3, e =     -10.89138950 (    -21.78277899)
    n = 4, e =      -4.30094148 (     -8.60188296)
  l = 1
    n = 2, e =     -41.99436189 (    -83.98872377)
    n = 3, e =      -9.50842721 (    -19.01685441)
  l = 2
    n = 3, e =      -6.94106826 (    -13.88213652)
  cnv =   0.296122, mix =   0.228886
  integrated charge =  21.796365 out of  28.000000
itr = 9
  l = 0
    n = 1, e =    -313.41055169 (   -626.82110338)
    n = 2, e =     -42.23509638 (    -84.47019276)
    n = 3, e =      -8.68134671 (    -17.36269343)
    n = 4, e =      -3.06857197 (     -6.13714394)
  l = 1
    n = 2, e =     -38.28951520 (    -76.57903040)
    n = 3, e =      -7.29060647 (    -14.58121293)
  l = 2
    n = 3, e =      -4.74850578 (     -9.49701156)
  cnv =   0.263962, mix =   0.243209
  integrated charge =  23.305143 out of  28.000000
itr = 10
  l = 0
    n = 1, e =    -309.65766202 (   -619.31532404)
    n = 2, e =     -39.88256097 (    -79.76512195)
    n = 3, e =      -7.10463506 (    -14.20927012)
    n = 4, e =      -2.18239011 (     -4.36478022)
  l = 1
    n = 2, e =     -35.79392021 (    -71.58784043)
    n = 3, e =      -5.71944627 (    -11.43889254)
  l = 2
    n = 3, e =      -3.23688902 (     -6.47377805)
  cnv =   0.236053, mix =   0.257174
  integrated charge =  24.512536 out of  28.000000
itr = 11
  l = 0
    n = 1, e =    -307.17524072 (   -614.35048143)
    n = 2, e =     -38.41018036 (    -76.82036071)
    n = 3, e =      -6.03137800 (    -12.06275600)
    n = 4, e =      -1.55821019 (     -3.11642039)
  l = 1
    n = 2, e =     -34.22828466 (    -68.45656932)
    n = 3, e =      -4.65330021 (     -9.30660042)
  l = 2
    n = 3, e =      -2.23076804 (     -4.46153607)
  cnv =   0.202360, mix =   0.276328
  integrated charge =  25.476221 out of  28.000000
itr = 12
  l = 0
    n = 1, e =    -305.56202303 (   -611.12404605)
    n = 2, e =     -37.52931602 (    -75.05863204)
    n = 3, e =      -5.31589170 (    -10.63178340)
    n = 4, e =      -1.11530381 (     -2.23060762)
  l = 1
    n = 2, e =     -33.28633338 (    -66.57266675)
    n = 3, e =      -3.94187084 (     -7.88374168)
  l = 2
    n = 3, e =      -1.56394506 (     -3.12789011)
  cnv =   0.161526, mix =   0.303748
  integrated charge =  26.242814 out of  28.000000
itr = 13
  l = 0
    n = 1, e =    -304.50894078 (   -609.01788155)
    n = 2, e =     -37.01333965 (    -74.02667929)
    n = 3, e =      -4.84238289 (     -9.68476577)
    n = 4, e =      -0.79767226 (     -1.59534452)
  l = 1
    n = 2, e =     -32.72943845 (    -65.45887689)
    n = 3, e =      -3.46926465 (     -6.93852931)
  l = 2
    n = 3, e =      -1.11883891 (     -2.23767781)
  cnv =   0.117959, mix =   0.339712
  integrated charge =  26.839751 out of  28.000000
itr = 14
  l = 0
    n = 1, e =    -303.80860411 (   -607.61720823)
    n = 2, e =     -36.70561168 (    -73.41122335)
    n = 3, e =      -4.52890938 (     -9.05781876)
    n = 4, e =      -0.57153227 (     -1.14306454)
  l = 1
    n = 2, e =     -32.39367190 (    -64.78734380)
    n = 3, e =      -3.15500723 (     -6.31001446)
  l = 2
    n = 3, e =      -0.81992824 (     -1.63985648)
  cnv =   0.077815, mix =   0.381313
  integrated charge =  27.282169 out of  28.000000
itr = 15
  l = 0
    n = 1, e =    -303.33775035 (   -606.67550070)
    n = 2, e =     -36.51208911 (    -73.02417822)
    n = 3, e =      -4.32311246 (     -8.64622491)
    n = 4, e =      -0.41732189 (     -0.83464378)
  l = 1
    n = 2, e =     -32.18092597 (    -64.36185194)
    n = 3, e =      -2.94806206 (     -5.89612413)
  l = 2
    n = 3, e =      -0.62157719 (     -1.24315438)
  cnv =   0.046588, mix =   0.421459
  integrated charge =  27.584705 out of  28.000000
itr = 16
  l = 0
    n = 1, e =    -303.03415816 (   -606.06831632)
    n = 2, e =     -36.39007188 (    -72.78014376)
    n = 3, e =      -4.19583476 (     -8.39166952)
    n = 4, e =      -0.32592244 (     -0.65184488)
  l = 1
    n = 2, e =     -32.04637674 (    -64.09275347)
    n = 3, e =      -2.81986968 (     -5.63973935)
  l = 2
    n = 3, e =      -0.49826921 (     -0.99653841)
  cnv =   0.025929, mix =   0.453016
  integrated charge =  27.772840 out of  28.000000
itr = 17
  l = 0
    n = 1, e =    -302.86238938 (   -605.72477875)
    n = 2, e =     -36.32530391 (    -72.65060781)
    n = 3, e =      -4.13032549 (     -8.26065097)
    n = 4, e =      -0.28373489 (     -0.56746979)
  l = 1
    n = 2, e =     -31.97423140 (    -63.94846281)
    n = 3, e =      -2.75370829 (     -5.50741658)
  l = 2
    n = 3, e =      -0.43433394 (     -0.86866789)
  cnv =   0.013534, mix =   0.474323
  integrated charge =  27.880587 out of  28.000000
itr = 18
  l = 0
    n = 1, e =    -302.77716299 (   -605.55432597)
    n = 2, e =     -36.29753453 (    -72.59506905)
    n = 3, e =      -4.10402619 (     -8.20805238)
    n = 4, e =      -0.26735923 (     -0.53471846)
  l = 1
    n = 2, e =     -31.94249403 (    -63.88498806)
    n = 3, e =      -2.72699249 (     -5.45398499)
  l = 2
    n = 3, e =      -0.40825923 (     -0.81651846)
  cnv =   0.008328, mix =   0.483881
  integrated charge =  27.938369 out of  28.000000
itr = 19
  l = 0
    n = 1, e =    -302.73522910 (   -605.47045820)
    n = 2, e =     -36.28441879 (    -72.56883758)
    n = 3, e =      -4.09396178 (     -8.18792356)
    n = 4, e =      -0.26112168 (     -0.52224337)
  l = 1
    n = 2, e =     -31.92735193 (    -63.85470386)
    n = 3, e =      -2.71674421 (     -5.43348841)
  l = 2
    n = 3, e =      -0.39825862 (     -0.79651724)
  cnv =   0.005308, mix =   0.489605
  integrated charge =  27.968544 out of  28.000000
itr = 20
  l = 0
    n = 1, e =    -302.71601613 (   -605.43203226)
    n = 2, e =     -36.27890107 (    -72.55780214)
    n = 3, e =      -4.09051901 (     -8.18103802)
    n = 4, e =      -0.25865790 (     -0.51731579)
  l = 1
    n = 2, e =     -31.92088668 (    -63.84177337)
    n = 3, e =      -2.71322111 (     -5.42644223)
  l = 2
    n = 3, e =      -0.39478585 (     -0.78957171)
  cnv =   0.003202, mix =   0.493678
  integrated charge =  27.984073 out of  28.000000
itr = 21
  l = 0
    n = 1, e =    -302.70696931 (   -605.41393863)
    n = 2, e =     -36.27619390 (    -72.55238780)
    n = 3, e =      -4.08912332 (     -8.17824665)
    n = 4, e =      -0.25760547 (     -0.51521094)
  l = 1
    n = 2, e =     -31.91775282 (    -63.83550564)
    n = 3, e =      -2.71180027 (     -5.42360054)
  l = 2
    n = 3, e =      -0.39339835 (     -0.78679670)
  cnv =   0.001842, mix =   0.496343
  integrated charge =  27.991978 out of  28.000000
itr = 22
  l = 0
    n = 1, e =    -302.70316520 (   -605.40633040)
    n = 2, e =     -36.27520530 (    -72.55041060)
    n = 3, e =      -4.08869346 (     -8.17738692)
    n = 4, e =      -0.25717538 (     -0.51435076)
  l = 1
    n = 2, e =     -31.91659064 (    -63.83318128)
    n = 3, e =      -2.71136057 (     -5.42272115)
  l = 2
    n = 3, e =      -0.39295887 (     -0.78591775)
  cnv =   0.001029, mix =   0.497950
  integrated charge =  27.995973 out of  28.000000
itr = 23
  l = 0
    n = 1, e =    -302.70141773 (   -605.40283545)
    n = 2, e =     -36.27470724 (    -72.54941448)
    n = 3, e =      -4.08848139 (     -8.17696278)
    n = 4, e =      -0.25698887 (     -0.51397774)
  l = 1
    n = 2, e =     -31.91602189 (    -63.83204378)
    n = 3, e =      -2.71114761 (     -5.42229523)
  l = 2
    n = 3, e =      -0.39275341 (     -0.78550681)
  cnv =   0.000560, mix =   0.498883
  integrated charge =  27.997982 out of  28.000000
itr = 24
  l = 0
    n = 1, e =    -302.70076024 (   -605.40152048)
    n = 2, e =     -36.27458339 (    -72.54916678)
    n = 3, e =      -4.08843952 (     -8.17687905)
    n = 4, e =      -0.25690862 (     -0.51381724)
  l = 1
    n = 2, e =     -31.91587363 (    -63.83174725)
    n = 3, e =      -2.71110521 (     -5.42221041)
  l = 2
    n = 3, e =      -0.39270825 (     -0.78541650)
  cnv =   0.000302, mix =   0.499397
  integrated charge =  27.998990 out of  28.000000
itr = 25
  l = 0
    n = 1, e =    -302.70042690 (   -605.40085380)
    n = 2, e =     -36.27448735 (    -72.54897471)
    n = 3, e =      -4.08839466 (     -8.17678932)
    n = 4, e =      -0.25686837 (     -0.51373674)
  l = 1
    n = 2, e =     -31.91576801 (    -63.83153602)
    n = 3, e =      -2.71106141 (     -5.42212282)
  l = 2
    n = 3, e =      -0.39266736 (     -0.78533473)
  cnv =   0.000160, mix =   0.499680
  integrated charge =  27.999495 out of  28.000000
itr = 26
  l = 0
    n = 1, e =    -302.70032820 (   -605.40065640)
    n = 2, e =     -36.27448641 (    -72.54897282)
    n = 3, e =      -4.08839549 (     -8.17679098)
    n = 4, e =      -0.25685149 (     -0.51370298)
  l = 1
    n = 2, e =     -31.91576500 (    -63.83153001)
    n = 3, e =      -2.71106243 (     -5.42212486)
  l = 2
    n = 3, e =      -0.39266699 (     -0.78533397)
  cnv =   0.000085, mix =   0.499830
  integrated charge =  27.999747 out of  28.000000
itr = 27
  l = 0
    n = 1, e =    -302.70026062 (   -605.40052124)
    n = 2, e =     -36.27446417 (    -72.54892834)
    n = 3, e =      -4.08838226 (     -8.17676453)
    n = 4, e =      -0.25684196 (     -0.51368392)
  l = 1
    n = 2, e =     -31.91574182 (    -63.83148363)
    n = 3, e =      -2.71104979 (     -5.42209959)
  l = 2
    n = 3, e =      -0.39265572 (     -0.78531145)
  cnv =   0.000045, mix =   0.499911
  integrated charge =  27.999874 out of  28.000000
itr = 28
  l = 0
    n = 1, e =    -302.70025165 (   -605.40050330)
    n = 2, e =     -36.27447266 (    -72.54894533)
    n = 3, e =      -4.08838583 (     -8.17677167)
    n = 4, e =      -0.25683835 (     -0.51367670)
  l = 1
    n = 2, e =     -31.91575061 (    -63.83150121)
    n = 3, e =      -2.71105343 (     -5.42210687)
  l = 2
    n = 3, e =      -0.39265871 (     -0.78531742)
  cnv =   0.000024, mix =   0.499953
  integrated charge =  27.999937 out of  28.000000
itr = 29
  l = 0
    n = 1, e =    -302.70023533 (   -605.40047066)
    n = 2, e =     -36.27446544 (    -72.54893088)
    n = 3, e =      -4.08838089 (     -8.17676178)
    n = 4, e =      -0.25683589 (     -0.51367179)
  l = 1
    n = 2, e =     -31.91574334 (    -63.83148668)
    n = 3, e =      -2.71104873 (     -5.42209746)
  l = 2
    n = 3, e =      -0.39265465 (     -0.78530930)
  cnv =   0.000012, mix =   0.499976
  integrated charge =  27.999968 out of  28.000000
itr = 30
  l = 0
    n = 1, e =    -302.70023753 (   -605.40047506)
    n = 2, e =     -36.27447059 (    -72.54894119)
    n = 3, e =      -4.08838314 (     -8.17676628)
    n = 4, e =      -0.25683517 (     -0.51367033)
  l = 1
    n = 2, e =     -31.91574874 (    -63.83149748)
    n = 3, e =      -2.71105099 (     -5.42210197)
  l = 2
    n = 3, e =      -0.39265659 (     -0.78531317)
  cnv =   0.000006, mix =   0.499987
  integrated charge =  27.999984 out of  28.000000

                   Orbital Summary
 nl    occ        E           KE       <1/r>     <r>
 1s   2.00    -302.7002    381.2267   27.6168   0.0546
 2s   2.00     -36.2745     72.1200    6.0151   0.2457
 2p   6.00     -31.9157     71.8104    5.9855   0.2136
 3s   2.00      -4.0884     15.7998    1.9061   0.7417
 3p   6.00      -2.7111     14.1906    1.7826   0.7712
 3d   9.00      -0.3927      9.4312    1.3959   0.9839
 4s   1.00      -0.2568      1.0574    0.4274   3.0761

     Energy Summary
 kinetic energy      =  1540.2368
 potential energy    = -3048.4055
 one-electron energy = -2118.6596
 two-electron energy =   610.4910

 total energy = -1508.1686
 virial ratio =    -1.9792
